No image loaded
No image loaded
No image loaded
No image loaded
No image loaded
No image loaded
No image loaded
No image loaded
No image loaded
Failed to load input/dummy
No image loaded
No image loaded
No image loaded
No image loaded
No image loaded
No image loaded
No image loaded
No image loaded
No image loaded
Loaded input/s.pgm
Unsupported rotation angle
Invalid set of coordinates
Unsupported rotation angle
Unsupported rotation angle
Unsupported rotation angle
Loaded input/s_a.pgm
Unsupported rotation angle
Invalid set of coordinates
Unsupported rotation angle
Unsupported rotation angle
Unsupported rotation angle
Loaded input/s.ppm
Unsupported rotation angle
Invalid set of coordinates
Unsupported rotation angle
Unsupported rotation angle
Unsupported rotation angle
Loaded input/s_a.ppm
Unsupported rotation angle
Invalid set of coordinates
Unsupported rotation angle
Unsupported rotation angle
Unsupported rotation angle
