Loaded input/b_a.pgm
Failed to load input/dummy
No image loaded
No image loaded
No image loaded
No image loaded
Loaded input/b_a.pgm
Saved output/ci_3_1.pgm
Invalid set of coordinates
Image cropped
Unsupported rotation angle
Invalid set of coordinates
Unsupported rotation angle
Unsupported rotation angle
Selected ALL
Image cropped
Saved output/ci_3_2.pgm
Invalid set of coordinates
Failed to load input/dummy
Loaded output/ci_3_2.pgm
Invalid set of coordinates
Selected 0 0 1000 1200
Invalid set of coordinates
Image cropped
Selected 0 0 1000 1200
Unsupported rotation angle
Image cropped
Unsupported rotation angle
Selected ALL
Invalid command
Selected 0 0 1000 1200
Unsupported rotation angle
Invalid command
Invalid set of coordinates
Invalid set of coordinates
Unsupported rotation angle
Invalid set of coordinates
Image cropped
Invalid set of coordinates
Saved output/ci_3_3a.pgm
Saved output/ci_3_3.pgm
Saved output/ci_3_4a.pgm
Saved output/ci_3_4.pgm
Loaded input/b.pgm
Failed to load input/dummy
No image loaded
No image loaded
No image loaded
No image loaded
Loaded input/b.pgm
Saved output/ci_3_5.pgm
Invalid set of coordinates
Image cropped
Unsupported rotation angle
Invalid set of coordinates
Unsupported rotation angle
Unsupported rotation angle
Selected ALL
Image cropped
Saved output/ci_3_6.pgm
Invalid set of coordinates
Failed to load input/dummy
Loaded output/ci_3_6.pgm
Selected 0 0 1000 1200
Invalid set of coordinates
Image cropped
Selected 0 0 1000 1200
Unsupported rotation angle
Image cropped
Unsupported rotation angle
Selected ALL
Invalid command
Selected 0 0 1000 1200
Unsupported rotation angle
Invalid command
Selected 50 50 100 100
Invalid set of coordinates
Invalid set of coordinates
Unsupported rotation angle
Invalid set of coordinates
Image cropped
Invalid set of coordinates
Saved output/ci_3_7a.pgm
Saved output/ci_3_7.pgm
Selected 0 0 1 1
Unsupported rotation angle
Saved output/ci_3_8a.pgm
Saved output/ci_3_8.pgm
